../Drivers/STM32F1xx_HAL_Driver/Src/stm32f1xx_hal_flash.c:166:19:HAL_FLASH_Program	48	static
../Drivers/STM32F1xx_HAL_Driver/Src/stm32f1xx_hal_flash.c:266:19:HAL_FLASH_Program_IT	32	static
../Drivers/STM32F1xx_HAL_Driver/Src/stm32f1xx_hal_flash.c:328:6:HAL_FLASH_IRQHandler	16	static
../Drivers/STM32F1xx_HAL_Driver/Src/stm32f1xx_hal_flash.c:600:13:HAL_FLASH_EndOfOperationCallback	16	static
../Drivers/STM32F1xx_HAL_Driver/Src/stm32f1xx_hal_flash.c:618:13:HAL_FLASH_OperationErrorCallback	16	static
../Drivers/STM32F1xx_HAL_Driver/Src/stm32f1xx_hal_flash.c:651:19:HAL_FLASH_Unlock	16	static
../Drivers/STM32F1xx_HAL_Driver/Src/stm32f1xx_hal_flash.c:689:19:HAL_FLASH_Lock	4	static
../Drivers/STM32F1xx_HAL_Driver/Src/stm32f1xx_hal_flash.c:706:19:HAL_FLASH_OB_Unlock	4	static
../Drivers/STM32F1xx_HAL_Driver/Src/stm32f1xx_hal_flash.c:726:19:HAL_FLASH_OB_Lock	4	static
../Drivers/STM32F1xx_HAL_Driver/Src/stm32f1xx_hal_flash.c:739:6:HAL_FLASH_OB_Launch	8	static
../Drivers/STM32F1xx_HAL_Driver/Src/stm32f1xx_hal_flash.c:768:10:HAL_FLASH_GetError	4	static
../Drivers/STM32F1xx_HAL_Driver/Src/stm32f1xx_hal_flash.c:791:13:FLASH_Program_HalfWord	16	static
../Drivers/STM32F1xx_HAL_Driver/Src/stm32f1xx_hal_flash.c:820:19:FLASH_WaitForLastOperation	24	static
../Drivers/STM32F1xx_HAL_Driver/Src/stm32f1xx_hal_flash.c:908:13:FLASH_SetErrorCode	16	static
